---
source: crates/biome_js_analyze/tests/spec_tests.rs
expression: valid-05.ts
---
# Input
```ts
/* should not generate diagnostics */
const test = 1;
type Fn = (test: string) => typeof test;

```
